// Vitest Snapshot v1

exports[`AlertDialog > should render correctly 1`] = `
<div
  aria-hidden="true"
  data-aria-hidden="true"
>
  <button
    aria-controls="radix-:r0:"
    aria-expanded="true"
    aria-haspopup="dialog"
    data-state="open"
    type="button"
  >
    Open the dialog
  </button>
</div>
`;
